15106744170
15106744410
15106744910
15106745070
15106745290
15106745550
15106746310
15106746770
1510674735
1510674767
1510674847
1510674942
1510732059
1510732171
1510732607
1510732744
1510733092
1510733264
1510733343
1510733489
1510814169
1510814257
1510821637
1510821910
1510821969
1510822396
1510822673
1510824801
1510825714
1510825855
1510825959
1510826238
1510828310
1510828326
1510828359
1510828814
1511880022
1511936455
1511936481
1511938294
1511939213
1511948962
1511951321
1512375187
1512375225
1512377128
123456789
1512573292
1512573677
1512576211
1512576226
1512576487
1512631917
1512633032
1512633927
1512640440
1512641189
1512641275
1512641313
1512641436
1512641596
1512641629
1512658455
1512719684
1512723737
1518610688
1519059125
1519059246
1519059277
123456789

1521555581
1521556290
1521557552
123456789
123456789
123456789
123456789
123456789
123456789
123456789
123456789
123456789
123456789
1521627965
123456789
123456789
